
> vite_react_shadcn_ts@0.0.0 test
> vitest run


[1m[46m RUN [49m[22m [36mv3.2.4 [39m[90mC:/Users/LENOVO/Downloads/anandapuram-market-connect-main/anandapuram-market-connect[39m

 [32mΓ£ô[39m src/test/example.test.ts [2m([22m[2m1 test[22m[2m)[22m[32m 9[2mms[22m[39m

[2m Test Files [22m [1m[32m1 passed[39m[22m[90m (1)[39m
[2m      Tests [22m [1m[32m1 passed[39m[22m[90m (1)[39m
[2m   Start at [22m 11:48:31
[2m   Duration [22m 22.42s[2m (transform 196ms, setup 503ms, collect 95ms, tests 9ms, environment 2.34s, prepare 518ms)[22m

